DEBUG - 2026-09-03 06:19:36 --> Session: Class initialized using 'CodeIgniter\Session\Handlers\FileHandler' driver.
WARNING - 2026-09-03 06:19:36 --> [DEPRECATED] Creation of dynamic property App\Controllers\Home::$session is deprecated in APPPATH/Controllers/BaseController.php on line 43.
 1 APPPATH/Controllers/MY_Controller.php(13): App\Controllers\BaseController->initController(Object(App\Libraries\CI3IncomingRequest), Object(CodeIgniter\HTTP\Response), Object(CodeIgniter\Log\Logger))
 2 APPPATH/Controllers/Home.php(12): App\Controllers\MY_Controller->initController(Object(App\Libraries\CI3IncomingRequest), Object(CodeIgniter\HTTP\Response), Object(CodeIgniter\Log\Logger))
 3 SYSTEMPATH/CodeIgniter.php(945): App\Controllers\Home->initController(Object(App\Libraries\CI3IncomingRequest), Object(CodeIgniter\HTTP\Response), Object(CodeIgniter\Log\Logger))
 4 SYSTEMPATH/CodeIgniter.php(511): CodeIgniter\CodeIgniter->createController()
 5 SYSTEMPATH/CodeIgniter.php(363): CodeIgniter\CodeIgniter->handleRequest(null, Object(Config\Cache), false)
 6 SYSTEMPATH/Boot.php(417): CodeIgniter\CodeIgniter->run()
 7 SYSTEMPATH/Boot.php(68): CodeIgniter\Boot::runCodeIgniter(Object(CodeIgniter\CodeIgniter))
 8 FCPATH/index.php(63): CodeIgniter\Boot::bootWeb(Object(Config\Paths))
 9 SYSTEMPATH/rewrite.php(44): require_once('/var/www/html/newpeak/public/index.php')
WARNING - 2026-09-03 06:19:36 --> [DEPRECATED] Creation of dynamic property App\Controllers\Home::$form_validation is deprecated in APPPATH/Controllers/BaseController.php on line 44.
 1 APPPATH/Controllers/MY_Controller.php(13): App\Controllers\BaseController->initController(Object(App\Libraries\CI3IncomingRequest), Object(CodeIgniter\HTTP\Response), Object(CodeIgniter\Log\Logger))
 2 APPPATH/Controllers/Home.php(12): App\Controllers\MY_Controller->initController(Object(App\Libraries\CI3IncomingRequest), Object(CodeIgniter\HTTP\Response), Object(CodeIgniter\Log\Logger))
 3 SYSTEMPATH/CodeIgniter.php(945): App\Controllers\Home->initController(Object(App\Libraries\CI3IncomingRequest), Object(CodeIgniter\HTTP\Response), Object(CodeIgniter\Log\Logger))
 4 SYSTEMPATH/CodeIgniter.php(511): CodeIgniter\CodeIgniter->createController()
 5 SYSTEMPATH/CodeIgniter.php(363): CodeIgniter\CodeIgniter->handleRequest(null, Object(Config\Cache), false)
 6 SYSTEMPATH/Boot.php(417): CodeIgniter\CodeIgniter->run()
 7 SYSTEMPATH/Boot.php(68): CodeIgniter\Boot::runCodeIgniter(Object(CodeIgniter\CodeIgniter))
 8 FCPATH/index.php(63): CodeIgniter\Boot::bootWeb(Object(Config\Paths))
 9 SYSTEMPATH/rewrite.php(44): require_once('/var/www/html/newpeak/public/index.php')
WARNING - 2026-09-03 06:19:36 --> [DEPRECATED] Creation of dynamic property App\Controllers\Home::$pagination is deprecated in APPPATH/Controllers/BaseController.php on line 45.
 1 APPPATH/Controllers/MY_Controller.php(13): App\Controllers\BaseController->initController(Object(App\Libraries\CI3IncomingRequest), Object(CodeIgniter\HTTP\Response), Object(CodeIgniter\Log\Logger))
 2 APPPATH/Controllers/Home.php(12): App\Controllers\MY_Controller->initController(Object(App\Libraries\CI3IncomingRequest), Object(CodeIgniter\HTTP\Response), Object(CodeIgniter\Log\Logger))
 3 SYSTEMPATH/CodeIgniter.php(945): App\Controllers\Home->initController(Object(App\Libraries\CI3IncomingRequest), Object(CodeIgniter\HTTP\Response), Object(CodeIgniter\Log\Logger))
 4 SYSTEMPATH/CodeIgniter.php(511): CodeIgniter\CodeIgniter->createController()
 5 SYSTEMPATH/CodeIgniter.php(363): CodeIgniter\CodeIgniter->handleRequest(null, Object(Config\Cache), false)
 6 SYSTEMPATH/Boot.php(417): CodeIgniter\CodeIgniter->run()
 7 SYSTEMPATH/Boot.php(68): CodeIgniter\Boot::runCodeIgniter(Object(CodeIgniter\CodeIgniter))
 8 FCPATH/index.php(63): CodeIgniter\Boot::bootWeb(Object(Config\Paths))
 9 SYSTEMPATH/rewrite.php(44): require_once('/var/www/html/newpeak/public/index.php')
WARNING - 2026-09-03 06:19:36 --> [DEPRECATED] Creation of dynamic property App\Controllers\Home::$uri is deprecated in APPPATH/Controllers/BaseController.php on line 46.
 1 APPPATH/Controllers/MY_Controller.php(13): App\Controllers\BaseController->initController(Object(App\Libraries\CI3IncomingRequest), Object(CodeIgniter\HTTP\Response), Object(CodeIgniter\Log\Logger))
 2 APPPATH/Controllers/Home.php(12): App\Controllers\MY_Controller->initController(Object(App\Libraries\CI3IncomingRequest), Object(CodeIgniter\HTTP\Response), Object(CodeIgniter\Log\Logger))
 3 SYSTEMPATH/CodeIgniter.php(945): App\Controllers\Home->initController(Object(App\Libraries\CI3IncomingRequest), Object(CodeIgniter\HTTP\Response), Object(CodeIgniter\Log\Logger))
 4 SYSTEMPATH/CodeIgniter.php(511): CodeIgniter\CodeIgniter->createController()
 5 SYSTEMPATH/CodeIgniter.php(363): CodeIgniter\CodeIgniter->handleRequest(null, Object(Config\Cache), false)
 6 SYSTEMPATH/Boot.php(417): CodeIgniter\CodeIgniter->run()
 7 SYSTEMPATH/Boot.php(68): CodeIgniter\Boot::runCodeIgniter(Object(CodeIgniter\CodeIgniter))
 8 FCPATH/index.php(63): CodeIgniter\Boot::bootWeb(Object(Config\Paths))
 9 SYSTEMPATH/rewrite.php(44): require_once('/var/www/html/newpeak/public/index.php')
WARNING - 2026-09-03 06:19:36 --> [DEPRECATED] Creation of dynamic property App\Controllers\Home::$Model_lang is deprecated in APPPATH/Controllers/MY_Controller.php on line 21.
 1 APPPATH/Controllers/Home.php(12): App\Controllers\MY_Controller->initController(Object(App\Libraries\CI3IncomingRequest), Object(CodeIgniter\HTTP\Response), Object(CodeIgniter\Log\Logger))
 2 SYSTEMPATH/CodeIgniter.php(945): App\Controllers\Home->initController(Object(App\Libraries\CI3IncomingRequest), Object(CodeIgniter\HTTP\Response), Object(CodeIgniter\Log\Logger))
 3 SYSTEMPATH/CodeIgniter.php(511): CodeIgniter\CodeIgniter->createController()
 4 SYSTEMPATH/CodeIgniter.php(363): CodeIgniter\CodeIgniter->handleRequest(null, Object(Config\Cache), false)
 5 SYSTEMPATH/Boot.php(417): CodeIgniter\CodeIgniter->run()
 6 SYSTEMPATH/Boot.php(68): CodeIgniter\Boot::runCodeIgniter(Object(CodeIgniter\CodeIgniter))
 7 FCPATH/index.php(63): CodeIgniter\Boot::bootWeb(Object(Config\Paths))
 8 SYSTEMPATH/rewrite.php(44): require_once('/var/www/html/newpeak/public/index.php')
WARNING - 2026-09-03 06:19:36 --> [DEPRECATED] Creation of dynamic property App\Controllers\Home::$Model_common is deprecated in APPPATH/Controllers/Home.php on line 13.
 1 SYSTEMPATH/CodeIgniter.php(945): App\Controllers\Home->initController(Object(App\Libraries\CI3IncomingRequest), Object(CodeIgniter\HTTP\Response), Object(CodeIgniter\Log\Logger))
 2 SYSTEMPATH/CodeIgniter.php(511): CodeIgniter\CodeIgniter->createController()
 3 SYSTEMPATH/CodeIgniter.php(363): CodeIgniter\CodeIgniter->handleRequest(null, Object(Config\Cache), false)
 4 SYSTEMPATH/Boot.php(417): CodeIgniter\CodeIgniter->run()
 5 SYSTEMPATH/Boot.php(68): CodeIgniter\Boot::runCodeIgniter(Object(CodeIgniter\CodeIgniter))
 6 FCPATH/index.php(63): CodeIgniter\Boot::bootWeb(Object(Config\Paths))
 7 SYSTEMPATH/rewrite.php(44): require_once('/var/www/html/newpeak/public/index.php')
DEBUG - 2026-09-03 06:19:37 --> Session: Class initialized using 'CodeIgniter\Session\Handlers\FileHandler' driver.
WARNING - 2026-09-03 06:19:37 --> [DEPRECATED] Creation of dynamic property App\Controllers\Home::$session is deprecated in APPPATH/Controllers/BaseController.php on line 43.
 1 APPPATH/Controllers/MY_Controller.php(13): App\Controllers\BaseController->initController(Object(App\Libraries\CI3IncomingRequest), Object(CodeIgniter\HTTP\Response), Object(CodeIgniter\Log\Logger))
 2 APPPATH/Controllers/Home.php(12): App\Controllers\MY_Controller->initController(Object(App\Libraries\CI3IncomingRequest), Object(CodeIgniter\HTTP\Response), Object(CodeIgniter\Log\Logger))
 3 SYSTEMPATH/CodeIgniter.php(945): App\Controllers\Home->initController(Object(App\Libraries\CI3IncomingRequest), Object(CodeIgniter\HTTP\Response), Object(CodeIgniter\Log\Logger))
 4 SYSTEMPATH/CodeIgniter.php(511): CodeIgniter\CodeIgniter->createController()
 5 SYSTEMPATH/CodeIgniter.php(363): CodeIgniter\CodeIgniter->handleRequest(null, Object(Config\Cache), false)
 6 SYSTEMPATH/Boot.php(417): CodeIgniter\CodeIgniter->run()
 7 SYSTEMPATH/Boot.php(68): CodeIgniter\Boot::runCodeIgniter(Object(CodeIgniter\CodeIgniter))
 8 FCPATH/index.php(63): CodeIgniter\Boot::bootWeb(Object(Config\Paths))
 9 SYSTEMPATH/rewrite.php(44): require_once('/var/www/html/newpeak/public/index.php')
WARNING - 2026-09-03 06:19:37 --> [DEPRECATED] Creation of dynamic property App\Controllers\Home::$form_validation is deprecated in APPPATH/Controllers/BaseController.php on line 44.
 1 APPPATH/Controllers/MY_Controller.php(13): App\Controllers\BaseController->initController(Object(App\Libraries\CI3IncomingRequest), Object(CodeIgniter\HTTP\Response), Object(CodeIgniter\Log\Logger))
 2 APPPATH/Controllers/Home.php(12): App\Controllers\MY_Controller->initController(Object(App\Libraries\CI3IncomingRequest), Object(CodeIgniter\HTTP\Response), Object(CodeIgniter\Log\Logger))
 3 SYSTEMPATH/CodeIgniter.php(945): App\Controllers\Home->initController(Object(App\Libraries\CI3IncomingRequest), Object(CodeIgniter\HTTP\Response), Object(CodeIgniter\Log\Logger))
 4 SYSTEMPATH/CodeIgniter.php(511): CodeIgniter\CodeIgniter->createController()
 5 SYSTEMPATH/CodeIgniter.php(363): CodeIgniter\CodeIgniter->handleRequest(null, Object(Config\Cache), false)
 6 SYSTEMPATH/Boot.php(417): CodeIgniter\CodeIgniter->run()
 7 SYSTEMPATH/Boot.php(68): CodeIgniter\Boot::runCodeIgniter(Object(CodeIgniter\CodeIgniter))
 8 FCPATH/index.php(63): CodeIgniter\Boot::bootWeb(Object(Config\Paths))
 9 SYSTEMPATH/rewrite.php(44): require_once('/var/www/html/newpeak/public/index.php')
WARNING - 2026-09-03 06:19:37 --> [DEPRECATED] Creation of dynamic property App\Controllers\Home::$pagination is deprecated in APPPATH/Controllers/BaseController.php on line 45.
 1 APPPATH/Controllers/MY_Controller.php(13): App\Controllers\BaseController->initController(Object(App\Libraries\CI3IncomingRequest), Object(CodeIgniter\HTTP\Response), Object(CodeIgniter\Log\Logger))
 2 APPPATH/Controllers/Home.php(12): App\Controllers\MY_Controller->initController(Object(App\Libraries\CI3IncomingRequest), Object(CodeIgniter\HTTP\Response), Object(CodeIgniter\Log\Logger))
 3 SYSTEMPATH/CodeIgniter.php(945): App\Controllers\Home->initController(Object(App\Libraries\CI3IncomingRequest), Object(CodeIgniter\HTTP\Response), Object(CodeIgniter\Log\Logger))
 4 SYSTEMPATH/CodeIgniter.php(511): CodeIgniter\CodeIgniter->createController()
 5 SYSTEMPATH/CodeIgniter.php(363): CodeIgniter\CodeIgniter->handleRequest(null, Object(Config\Cache), false)
 6 SYSTEMPATH/Boot.php(417): CodeIgniter\CodeIgniter->run()
 7 SYSTEMPATH/Boot.php(68): CodeIgniter\Boot::runCodeIgniter(Object(CodeIgniter\CodeIgniter))
 8 FCPATH/index.php(63): CodeIgniter\Boot::bootWeb(Object(Config\Paths))
 9 SYSTEMPATH/rewrite.php(44): require_once('/var/www/html/newpeak/public/index.php')
WARNING - 2026-09-03 06:19:37 --> [DEPRECATED] Creation of dynamic property App\Controllers\Home::$uri is deprecated in APPPATH/Controllers/BaseController.php on line 46.
 1 APPPATH/Controllers/MY_Controller.php(13): App\Controllers\BaseController->initController(Object(App\Libraries\CI3IncomingRequest), Object(CodeIgniter\HTTP\Response), Object(CodeIgniter\Log\Logger))
 2 APPPATH/Controllers/Home.php(12): App\Controllers\MY_Controller->initController(Object(App\Libraries\CI3IncomingRequest), Object(CodeIgniter\HTTP\Response), Object(CodeIgniter\Log\Logger))
 3 SYSTEMPATH/CodeIgniter.php(945): App\Controllers\Home->initController(Object(App\Libraries\CI3IncomingRequest), Object(CodeIgniter\HTTP\Response), Object(CodeIgniter\Log\Logger))
 4 SYSTEMPATH/CodeIgniter.php(511): CodeIgniter\CodeIgniter->createController()
 5 SYSTEMPATH/CodeIgniter.php(363): CodeIgniter\CodeIgniter->handleRequest(null, Object(Config\Cache), false)
 6 SYSTEMPATH/Boot.php(417): CodeIgniter\CodeIgniter->run()
 7 SYSTEMPATH/Boot.php(68): CodeIgniter\Boot::runCodeIgniter(Object(CodeIgniter\CodeIgniter))
 8 FCPATH/index.php(63): CodeIgniter\Boot::bootWeb(Object(Config\Paths))
 9 SYSTEMPATH/rewrite.php(44): require_once('/var/www/html/newpeak/public/index.php')
WARNING - 2026-09-03 06:19:37 --> [DEPRECATED] Creation of dynamic property App\Controllers\Home::$Model_lang is deprecated in APPPATH/Controllers/MY_Controller.php on line 21.
 1 APPPATH/Controllers/Home.php(12): App\Controllers\MY_Controller->initController(Object(App\Libraries\CI3IncomingRequest), Object(CodeIgniter\HTTP\Response), Object(CodeIgniter\Log\Logger))
 2 SYSTEMPATH/CodeIgniter.php(945): App\Controllers\Home->initController(Object(App\Libraries\CI3IncomingRequest), Object(CodeIgniter\HTTP\Response), Object(CodeIgniter\Log\Logger))
 3 SYSTEMPATH/CodeIgniter.php(511): CodeIgniter\CodeIgniter->createController()
 4 SYSTEMPATH/CodeIgniter.php(363): CodeIgniter\CodeIgniter->handleRequest(null, Object(Config\Cache), false)
 5 SYSTEMPATH/Boot.php(417): CodeIgniter\CodeIgniter->run()
 6 SYSTEMPATH/Boot.php(68): CodeIgniter\Boot::runCodeIgniter(Object(CodeIgniter\CodeIgniter))
 7 FCPATH/index.php(63): CodeIgniter\Boot::bootWeb(Object(Config\Paths))
 8 SYSTEMPATH/rewrite.php(44): require_once('/var/www/html/newpeak/public/index.php')
WARNING - 2026-09-03 06:19:37 --> [DEPRECATED] Creation of dynamic property App\Controllers\Home::$Model_common is deprecated in APPPATH/Controllers/Home.php on line 13.
 1 SYSTEMPATH/CodeIgniter.php(945): App\Controllers\Home->initController(Object(App\Libraries\CI3IncomingRequest), Object(CodeIgniter\HTTP\Response), Object(CodeIgniter\Log\Logger))
 2 SYSTEMPATH/CodeIgniter.php(511): CodeIgniter\CodeIgniter->createController()
 3 SYSTEMPATH/CodeIgniter.php(363): CodeIgniter\CodeIgniter->handleRequest(null, Object(Config\Cache), false)
 4 SYSTEMPATH/Boot.php(417): CodeIgniter\CodeIgniter->run()
 5 SYSTEMPATH/Boot.php(68): CodeIgniter\Boot::runCodeIgniter(Object(CodeIgniter\CodeIgniter))
 6 FCPATH/index.php(63): CodeIgniter\Boot::bootWeb(Object(Config\Paths))
 7 SYSTEMPATH/rewrite.php(44): require_once('/var/www/html/newpeak/public/index.php')
DEBUG - 2026-09-03 06:20:01 --> Session: Class initialized using 'CodeIgniter\Session\Handlers\FileHandler' driver.
WARNING - 2026-09-03 06:20:01 --> [DEPRECATED] Creation of dynamic property App\Controllers\Home::$session is deprecated in APPPATH/Controllers/BaseController.php on line 43.
 1 APPPATH/Controllers/MY_Controller.php(13): App\Controllers\BaseController->initController(Object(App\Libraries\CI3IncomingRequest), Object(CodeIgniter\HTTP\Response), Object(CodeIgniter\Log\Logger))
 2 APPPATH/Controllers/Home.php(12): App\Controllers\MY_Controller->initController(Object(App\Libraries\CI3IncomingRequest), Object(CodeIgniter\HTTP\Response), Object(CodeIgniter\Log\Logger))
 3 SYSTEMPATH/CodeIgniter.php(945): App\Controllers\Home->initController(Object(App\Libraries\CI3IncomingRequest), Object(CodeIgniter\HTTP\Response), Object(CodeIgniter\Log\Logger))
 4 SYSTEMPATH/CodeIgniter.php(511): CodeIgniter\CodeIgniter->createController()
 5 SYSTEMPATH/CodeIgniter.php(363): CodeIgniter\CodeIgniter->handleRequest(null, Object(Config\Cache), false)
 6 SYSTEMPATH/Boot.php(417): CodeIgniter\CodeIgniter->run()
 7 SYSTEMPATH/Boot.php(68): CodeIgniter\Boot::runCodeIgniter(Object(CodeIgniter\CodeIgniter))
 8 FCPATH/index.php(63): CodeIgniter\Boot::bootWeb(Object(Config\Paths))
 9 SYSTEMPATH/rewrite.php(44): require_once('/var/www/html/newpeak/public/index.php')
WARNING - 2026-09-03 06:20:01 --> [DEPRECATED] Creation of dynamic property App\Controllers\Home::$form_validation is deprecated in APPPATH/Controllers/BaseController.php on line 44.
 1 APPPATH/Controllers/MY_Controller.php(13): App\Controllers\BaseController->initController(Object(App\Libraries\CI3IncomingRequest), Object(CodeIgniter\HTTP\Response), Object(CodeIgniter\Log\Logger))
 2 APPPATH/Controllers/Home.php(12): App\Controllers\MY_Controller->initController(Object(App\Libraries\CI3IncomingRequest), Object(CodeIgniter\HTTP\Response), Object(CodeIgniter\Log\Logger))
 3 SYSTEMPATH/CodeIgniter.php(945): App\Controllers\Home->initController(Object(App\Libraries\CI3IncomingRequest), Object(CodeIgniter\HTTP\Response), Object(CodeIgniter\Log\Logger))
 4 SYSTEMPATH/CodeIgniter.php(511): CodeIgniter\CodeIgniter->createController()
 5 SYSTEMPATH/CodeIgniter.php(363): CodeIgniter\CodeIgniter->handleRequest(null, Object(Config\Cache), false)
 6 SYSTEMPATH/Boot.php(417): CodeIgniter\CodeIgniter->run()
 7 SYSTEMPATH/Boot.php(68): CodeIgniter\Boot::runCodeIgniter(Object(CodeIgniter\CodeIgniter))
 8 FCPATH/index.php(63): CodeIgniter\Boot::bootWeb(Object(Config\Paths))
 9 SYSTEMPATH/rewrite.php(44): require_once('/var/www/html/newpeak/public/index.php')
WARNING - 2026-09-03 06:20:01 --> [DEPRECATED] Creation of dynamic property App\Controllers\Home::$pagination is deprecated in APPPATH/Controllers/BaseController.php on line 45.
 1 APPPATH/Controllers/MY_Controller.php(13): App\Controllers\BaseController->initController(Object(App\Libraries\CI3IncomingRequest), Object(CodeIgniter\HTTP\Response), Object(CodeIgniter\Log\Logger))
 2 APPPATH/Controllers/Home.php(12): App\Controllers\MY_Controller->initController(Object(App\Libraries\CI3IncomingRequest), Object(CodeIgniter\HTTP\Response), Object(CodeIgniter\Log\Logger))
 3 SYSTEMPATH/CodeIgniter.php(945): App\Controllers\Home->initController(Object(App\Libraries\CI3IncomingRequest), Object(CodeIgniter\HTTP\Response), Object(CodeIgniter\Log\Logger))
 4 SYSTEMPATH/CodeIgniter.php(511): CodeIgniter\CodeIgniter->createController()
 5 SYSTEMPATH/CodeIgniter.php(363): CodeIgniter\CodeIgniter->handleRequest(null, Object(Config\Cache), false)
 6 SYSTEMPATH/Boot.php(417): CodeIgniter\CodeIgniter->run()
 7 SYSTEMPATH/Boot.php(68): CodeIgniter\Boot::runCodeIgniter(Object(CodeIgniter\CodeIgniter))
 8 FCPATH/index.php(63): CodeIgniter\Boot::bootWeb(Object(Config\Paths))
 9 SYSTEMPATH/rewrite.php(44): require_once('/var/www/html/newpeak/public/index.php')
WARNING - 2026-09-03 06:20:01 --> [DEPRECATED] Creation of dynamic property App\Controllers\Home::$uri is deprecated in APPPATH/Controllers/BaseController.php on line 46.
 1 APPPATH/Controllers/MY_Controller.php(13): App\Controllers\BaseController->initController(Object(App\Libraries\CI3IncomingRequest), Object(CodeIgniter\HTTP\Response), Object(CodeIgniter\Log\Logger))
 2 APPPATH/Controllers/Home.php(12): App\Controllers\MY_Controller->initController(Object(App\Libraries\CI3IncomingRequest), Object(CodeIgniter\HTTP\Response), Object(CodeIgniter\Log\Logger))
 3 SYSTEMPATH/CodeIgniter.php(945): App\Controllers\Home->initController(Object(App\Libraries\CI3IncomingRequest), Object(CodeIgniter\HTTP\Response), Object(CodeIgniter\Log\Logger))
 4 SYSTEMPATH/CodeIgniter.php(511): CodeIgniter\CodeIgniter->createController()
 5 SYSTEMPATH/CodeIgniter.php(363): CodeIgniter\CodeIgniter->handleRequest(null, Object(Config\Cache), false)
 6 SYSTEMPATH/Boot.php(417): CodeIgniter\CodeIgniter->run()
 7 SYSTEMPATH/Boot.php(68): CodeIgniter\Boot::runCodeIgniter(Object(CodeIgniter\CodeIgniter))
 8 FCPATH/index.php(63): CodeIgniter\Boot::bootWeb(Object(Config\Paths))
 9 SYSTEMPATH/rewrite.php(44): require_once('/var/www/html/newpeak/public/index.php')
WARNING - 2026-09-03 06:20:01 --> [DEPRECATED] Creation of dynamic property App\Controllers\Home::$Model_lang is deprecated in APPPATH/Controllers/MY_Controller.php on line 21.
 1 APPPATH/Controllers/Home.php(12): App\Controllers\MY_Controller->initController(Object(App\Libraries\CI3IncomingRequest), Object(CodeIgniter\HTTP\Response), Object(CodeIgniter\Log\Logger))
 2 SYSTEMPATH/CodeIgniter.php(945): App\Controllers\Home->initController(Object(App\Libraries\CI3IncomingRequest), Object(CodeIgniter\HTTP\Response), Object(CodeIgniter\Log\Logger))
 3 SYSTEMPATH/CodeIgniter.php(511): CodeIgniter\CodeIgniter->createController()
 4 SYSTEMPATH/CodeIgniter.php(363): CodeIgniter\CodeIgniter->handleRequest(null, Object(Config\Cache), false)
 5 SYSTEMPATH/Boot.php(417): CodeIgniter\CodeIgniter->run()
 6 SYSTEMPATH/Boot.php(68): CodeIgniter\Boot::runCodeIgniter(Object(CodeIgniter\CodeIgniter))
 7 FCPATH/index.php(63): CodeIgniter\Boot::bootWeb(Object(Config\Paths))
 8 SYSTEMPATH/rewrite.php(44): require_once('/var/www/html/newpeak/public/index.php')
WARNING - 2026-09-03 06:20:01 --> [DEPRECATED] Creation of dynamic property App\Controllers\Home::$Model_common is deprecated in APPPATH/Controllers/Home.php on line 13.
 1 SYSTEMPATH/CodeIgniter.php(945): App\Controllers\Home->initController(Object(App\Libraries\CI3IncomingRequest), Object(CodeIgniter\HTTP\Response), Object(CodeIgniter\Log\Logger))
 2 SYSTEMPATH/CodeIgniter.php(511): CodeIgniter\CodeIgniter->createController()
 3 SYSTEMPATH/CodeIgniter.php(363): CodeIgniter\CodeIgniter->handleRequest(null, Object(Config\Cache), false)
 4 SYSTEMPATH/Boot.php(417): CodeIgniter\CodeIgniter->run()
 5 SYSTEMPATH/Boot.php(68): CodeIgniter\Boot::runCodeIgniter(Object(CodeIgniter\CodeIgniter))
 6 FCPATH/index.php(63): CodeIgniter\Boot::bootWeb(Object(Config\Paths))
 7 SYSTEMPATH/rewrite.php(44): require_once('/var/www/html/newpeak/public/index.php')
DEBUG - 2026-09-03 06:20:02 --> Session: Class initialized using 'CodeIgniter\Session\Handlers\FileHandler' driver.
WARNING - 2026-09-03 06:20:02 --> [DEPRECATED] Creation of dynamic property App\Controllers\Programs::$session is deprecated in APPPATH/Controllers/BaseController.php on line 43.
 1 APPPATH/Controllers/MY_Controller.php(13): App\Controllers\BaseController->initController(Object(App\Libraries\CI3IncomingRequest), Object(CodeIgniter\HTTP\Response), Object(CodeIgniter\Log\Logger))
 2 APPPATH/Controllers/Programs.php(13): App\Controllers\MY_Controller->initController(Object(App\Libraries\CI3IncomingRequest), Object(CodeIgniter\HTTP\Response), Object(CodeIgniter\Log\Logger))
 3 SYSTEMPATH/CodeIgniter.php(945): App\Controllers\Programs->initController(Object(App\Libraries\CI3IncomingRequest), Object(CodeIgniter\HTTP\Response), Object(CodeIgniter\Log\Logger))
 4 SYSTEMPATH/CodeIgniter.php(511): CodeIgniter\CodeIgniter->createController()
 5 SYSTEMPATH/CodeIgniter.php(363): CodeIgniter\CodeIgniter->handleRequest(null, Object(Config\Cache), false)
 6 SYSTEMPATH/Boot.php(417): CodeIgniter\CodeIgniter->run()
 7 SYSTEMPATH/Boot.php(68): CodeIgniter\Boot::runCodeIgniter(Object(CodeIgniter\CodeIgniter))
 8 FCPATH/index.php(63): CodeIgniter\Boot::bootWeb(Object(Config\Paths))
 9 SYSTEMPATH/rewrite.php(44): require_once('/var/www/html/newpeak/public/index.php')
WARNING - 2026-09-03 06:20:02 --> [DEPRECATED] Creation of dynamic property App\Controllers\Programs::$form_validation is deprecated in APPPATH/Controllers/BaseController.php on line 44.
 1 APPPATH/Controllers/MY_Controller.php(13): App\Controllers\BaseController->initController(Object(App\Libraries\CI3IncomingRequest), Object(CodeIgniter\HTTP\Response), Object(CodeIgniter\Log\Logger))
 2 APPPATH/Controllers/Programs.php(13): App\Controllers\MY_Controller->initController(Object(App\Libraries\CI3IncomingRequest), Object(CodeIgniter\HTTP\Response), Object(CodeIgniter\Log\Logger))
 3 SYSTEMPATH/CodeIgniter.php(945): App\Controllers\Programs->initController(Object(App\Libraries\CI3IncomingRequest), Object(CodeIgniter\HTTP\Response), Object(CodeIgniter\Log\Logger))
 4 SYSTEMPATH/CodeIgniter.php(511): CodeIgniter\CodeIgniter->createController()
 5 SYSTEMPATH/CodeIgniter.php(363): CodeIgniter\CodeIgniter->handleRequest(null, Object(Config\Cache), false)
 6 SYSTEMPATH/Boot.php(417): CodeIgniter\CodeIgniter->run()
 7 SYSTEMPATH/Boot.php(68): CodeIgniter\Boot::runCodeIgniter(Object(CodeIgniter\CodeIgniter))
 8 FCPATH/index.php(63): CodeIgniter\Boot::bootWeb(Object(Config\Paths))
 9 SYSTEMPATH/rewrite.php(44): require_once('/var/www/html/newpeak/public/index.php')
WARNING - 2026-09-03 06:20:02 --> [DEPRECATED] Creation of dynamic property App\Controllers\Programs::$pagination is deprecated in APPPATH/Controllers/BaseController.php on line 45.
 1 APPPATH/Controllers/MY_Controller.php(13): App\Controllers\BaseController->initController(Object(App\Libraries\CI3IncomingRequest), Object(CodeIgniter\HTTP\Response), Object(CodeIgniter\Log\Logger))
 2 APPPATH/Controllers/Programs.php(13): App\Controllers\MY_Controller->initController(Object(App\Libraries\CI3IncomingRequest), Object(CodeIgniter\HTTP\Response), Object(CodeIgniter\Log\Logger))
 3 SYSTEMPATH/CodeIgniter.php(945): App\Controllers\Programs->initController(Object(App\Libraries\CI3IncomingRequest), Object(CodeIgniter\HTTP\Response), Object(CodeIgniter\Log\Logger))
 4 SYSTEMPATH/CodeIgniter.php(511): CodeIgniter\CodeIgniter->createController()
 5 SYSTEMPATH/CodeIgniter.php(363): CodeIgniter\CodeIgniter->handleRequest(null, Object(Config\Cache), false)
 6 SYSTEMPATH/Boot.php(417): CodeIgniter\CodeIgniter->run()
 7 SYSTEMPATH/Boot.php(68): CodeIgniter\Boot::runCodeIgniter(Object(CodeIgniter\CodeIgniter))
 8 FCPATH/index.php(63): CodeIgniter\Boot::bootWeb(Object(Config\Paths))
 9 SYSTEMPATH/rewrite.php(44): require_once('/var/www/html/newpeak/public/index.php')
WARNING - 2026-09-03 06:20:02 --> [DEPRECATED] Creation of dynamic property App\Controllers\Programs::$uri is deprecated in APPPATH/Controllers/BaseController.php on line 46.
 1 APPPATH/Controllers/MY_Controller.php(13): App\Controllers\BaseController->initController(Object(App\Libraries\CI3IncomingRequest), Object(CodeIgniter\HTTP\Response), Object(CodeIgniter\Log\Logger))
 2 APPPATH/Controllers/Programs.php(13): App\Controllers\MY_Controller->initController(Object(App\Libraries\CI3IncomingRequest), Object(CodeIgniter\HTTP\Response), Object(CodeIgniter\Log\Logger))
 3 SYSTEMPATH/CodeIgniter.php(945): App\Controllers\Programs->initController(Object(App\Libraries\CI3IncomingRequest), Object(CodeIgniter\HTTP\Response), Object(CodeIgniter\Log\Logger))
 4 SYSTEMPATH/CodeIgniter.php(511): CodeIgniter\CodeIgniter->createController()
 5 SYSTEMPATH/CodeIgniter.php(363): CodeIgniter\CodeIgniter->handleRequest(null, Object(Config\Cache), false)
 6 SYSTEMPATH/Boot.php(417): CodeIgniter\CodeIgniter->run()
 7 SYSTEMPATH/Boot.php(68): CodeIgniter\Boot::runCodeIgniter(Object(CodeIgniter\CodeIgniter))
 8 FCPATH/index.php(63): CodeIgniter\Boot::bootWeb(Object(Config\Paths))
 9 SYSTEMPATH/rewrite.php(44): require_once('/var/www/html/newpeak/public/index.php')
WARNING - 2026-09-03 06:20:02 --> [DEPRECATED] Creation of dynamic property App\Controllers\Programs::$Model_lang is deprecated in APPPATH/Controllers/MY_Controller.php on line 21.
 1 APPPATH/Controllers/Programs.php(13): App\Controllers\MY_Controller->initController(Object(App\Libraries\CI3IncomingRequest), Object(CodeIgniter\HTTP\Response), Object(CodeIgniter\Log\Logger))
 2 SYSTEMPATH/CodeIgniter.php(945): App\Controllers\Programs->initController(Object(App\Libraries\CI3IncomingRequest), Object(CodeIgniter\HTTP\Response), Object(CodeIgniter\Log\Logger))
 3 SYSTEMPATH/CodeIgniter.php(511): CodeIgniter\CodeIgniter->createController()
 4 SYSTEMPATH/CodeIgniter.php(363): CodeIgniter\CodeIgniter->handleRequest(null, Object(Config\Cache), false)
 5 SYSTEMPATH/Boot.php(417): CodeIgniter\CodeIgniter->run()
 6 SYSTEMPATH/Boot.php(68): CodeIgniter\Boot::runCodeIgniter(Object(CodeIgniter\CodeIgniter))
 7 FCPATH/index.php(63): CodeIgniter\Boot::bootWeb(Object(Config\Paths))
 8 SYSTEMPATH/rewrite.php(44): require_once('/var/www/html/newpeak/public/index.php')
WARNING - 2026-09-03 06:20:02 --> [DEPRECATED] Creation of dynamic property App\Controllers\Programs::$Model_common is deprecated in APPPATH/Controllers/Programs.php on line 14.
 1 SYSTEMPATH/CodeIgniter.php(945): App\Controllers\Programs->initController(Object(App\Libraries\CI3IncomingRequest), Object(CodeIgniter\HTTP\Response), Object(CodeIgniter\Log\Logger))
 2 SYSTEMPATH/CodeIgniter.php(511): CodeIgniter\CodeIgniter->createController()
 3 SYSTEMPATH/CodeIgniter.php(363): CodeIgniter\CodeIgniter->handleRequest(null, Object(Config\Cache), false)
 4 SYSTEMPATH/Boot.php(417): CodeIgniter\CodeIgniter->run()
 5 SYSTEMPATH/Boot.php(68): CodeIgniter\Boot::runCodeIgniter(Object(CodeIgniter\CodeIgniter))
 6 FCPATH/index.php(63): CodeIgniter\Boot::bootWeb(Object(Config\Paths))
 7 SYSTEMPATH/rewrite.php(44): require_once('/var/www/html/newpeak/public/index.php')
DEBUG - 2026-09-03 06:20:08 --> Session: Class initialized using 'CodeIgniter\Session\Handlers\FileHandler' driver.
WARNING - 2026-09-03 06:20:08 --> [DEPRECATED] Creation of dynamic property App\Controllers\Programs::$session is deprecated in APPPATH/Controllers/BaseController.php on line 43.
 1 APPPATH/Controllers/MY_Controller.php(13): App\Controllers\BaseController->initController(Object(App\Libraries\CI3IncomingRequest), Object(CodeIgniter\HTTP\Response), Object(CodeIgniter\Log\Logger))
 2 APPPATH/Controllers/Programs.php(13): App\Controllers\MY_Controller->initController(Object(App\Libraries\CI3IncomingRequest), Object(CodeIgniter\HTTP\Response), Object(CodeIgniter\Log\Logger))
 3 SYSTEMPATH/CodeIgniter.php(945): App\Controllers\Programs->initController(Object(App\Libraries\CI3IncomingRequest), Object(CodeIgniter\HTTP\Response), Object(CodeIgniter\Log\Logger))
 4 SYSTEMPATH/CodeIgniter.php(511): CodeIgniter\CodeIgniter->createController()
 5 SYSTEMPATH/CodeIgniter.php(363): CodeIgniter\CodeIgniter->handleRequest(null, Object(Config\Cache), false)
 6 SYSTEMPATH/Boot.php(417): CodeIgniter\CodeIgniter->run()
 7 SYSTEMPATH/Boot.php(68): CodeIgniter\Boot::runCodeIgniter(Object(CodeIgniter\CodeIgniter))
 8 FCPATH/index.php(63): CodeIgniter\Boot::bootWeb(Object(Config\Paths))
 9 SYSTEMPATH/rewrite.php(44): require_once('/var/www/html/newpeak/public/index.php')
WARNING - 2026-09-03 06:20:08 --> [DEPRECATED] Creation of dynamic property App\Controllers\Programs::$form_validation is deprecated in APPPATH/Controllers/BaseController.php on line 44.
 1 APPPATH/Controllers/MY_Controller.php(13): App\Controllers\BaseController->initController(Object(App\Libraries\CI3IncomingRequest), Object(CodeIgniter\HTTP\Response), Object(CodeIgniter\Log\Logger))
 2 APPPATH/Controllers/Programs.php(13): App\Controllers\MY_Controller->initController(Object(App\Libraries\CI3IncomingRequest), Object(CodeIgniter\HTTP\Response), Object(CodeIgniter\Log\Logger))
 3 SYSTEMPATH/CodeIgniter.php(945): App\Controllers\Programs->initController(Object(App\Libraries\CI3IncomingRequest), Object(CodeIgniter\HTTP\Response), Object(CodeIgniter\Log\Logger))
 4 SYSTEMPATH/CodeIgniter.php(511): CodeIgniter\CodeIgniter->createController()
 5 SYSTEMPATH/CodeIgniter.php(363): CodeIgniter\CodeIgniter->handleRequest(null, Object(Config\Cache), false)
 6 SYSTEMPATH/Boot.php(417): CodeIgniter\CodeIgniter->run()
 7 SYSTEMPATH/Boot.php(68): CodeIgniter\Boot::runCodeIgniter(Object(CodeIgniter\CodeIgniter))
 8 FCPATH/index.php(63): CodeIgniter\Boot::bootWeb(Object(Config\Paths))
 9 SYSTEMPATH/rewrite.php(44): require_once('/var/www/html/newpeak/public/index.php')
WARNING - 2026-09-03 06:20:08 --> [DEPRECATED] Creation of dynamic property App\Controllers\Programs::$pagination is deprecated in APPPATH/Controllers/BaseController.php on line 45.
 1 APPPATH/Controllers/MY_Controller.php(13): App\Controllers\BaseController->initController(Object(App\Libraries\CI3IncomingRequest), Object(CodeIgniter\HTTP\Response), Object(CodeIgniter\Log\Logger))
 2 APPPATH/Controllers/Programs.php(13): App\Controllers\MY_Controller->initController(Object(App\Libraries\CI3IncomingRequest), Object(CodeIgniter\HTTP\Response), Object(CodeIgniter\Log\Logger))
 3 SYSTEMPATH/CodeIgniter.php(945): App\Controllers\Programs->initController(Object(App\Libraries\CI3IncomingRequest), Object(CodeIgniter\HTTP\Response), Object(CodeIgniter\Log\Logger))
 4 SYSTEMPATH/CodeIgniter.php(511): CodeIgniter\CodeIgniter->createController()
 5 SYSTEMPATH/CodeIgniter.php(363): CodeIgniter\CodeIgniter->handleRequest(null, Object(Config\Cache), false)
 6 SYSTEMPATH/Boot.php(417): CodeIgniter\CodeIgniter->run()
 7 SYSTEMPATH/Boot.php(68): CodeIgniter\Boot::runCodeIgniter(Object(CodeIgniter\CodeIgniter))
 8 FCPATH/index.php(63): CodeIgniter\Boot::bootWeb(Object(Config\Paths))
 9 SYSTEMPATH/rewrite.php(44): require_once('/var/www/html/newpeak/public/index.php')
WARNING - 2026-09-03 06:20:08 --> [DEPRECATED] Creation of dynamic property App\Controllers\Programs::$uri is deprecated in APPPATH/Controllers/BaseController.php on line 46.
 1 APPPATH/Controllers/MY_Controller.php(13): App\Controllers\BaseController->initController(Object(App\Libraries\CI3IncomingRequest), Object(CodeIgniter\HTTP\Response), Object(CodeIgniter\Log\Logger))
 2 APPPATH/Controllers/Programs.php(13): App\Controllers\MY_Controller->initController(Object(App\Libraries\CI3IncomingRequest), Object(CodeIgniter\HTTP\Response), Object(CodeIgniter\Log\Logger))
 3 SYSTEMPATH/CodeIgniter.php(945): App\Controllers\Programs->initController(Object(App\Libraries\CI3IncomingRequest), Object(CodeIgniter\HTTP\Response), Object(CodeIgniter\Log\Logger))
 4 SYSTEMPATH/CodeIgniter.php(511): CodeIgniter\CodeIgniter->createController()
 5 SYSTEMPATH/CodeIgniter.php(363): CodeIgniter\CodeIgniter->handleRequest(null, Object(Config\Cache), false)
 6 SYSTEMPATH/Boot.php(417): CodeIgniter\CodeIgniter->run()
 7 SYSTEMPATH/Boot.php(68): CodeIgniter\Boot::runCodeIgniter(Object(CodeIgniter\CodeIgniter))
 8 FCPATH/index.php(63): CodeIgniter\Boot::bootWeb(Object(Config\Paths))
 9 SYSTEMPATH/rewrite.php(44): require_once('/var/www/html/newpeak/public/index.php')
WARNING - 2026-09-03 06:20:08 --> [DEPRECATED] Creation of dynamic property App\Controllers\Programs::$Model_lang is deprecated in APPPATH/Controllers/MY_Controller.php on line 21.
 1 APPPATH/Controllers/Programs.php(13): App\Controllers\MY_Controller->initController(Object(App\Libraries\CI3IncomingRequest), Object(CodeIgniter\HTTP\Response), Object(CodeIgniter\Log\Logger))
 2 SYSTEMPATH/CodeIgniter.php(945): App\Controllers\Programs->initController(Object(App\Libraries\CI3IncomingRequest), Object(CodeIgniter\HTTP\Response), Object(CodeIgniter\Log\Logger))
 3 SYSTEMPATH/CodeIgniter.php(511): CodeIgniter\CodeIgniter->createController()
 4 SYSTEMPATH/CodeIgniter.php(363): CodeIgniter\CodeIgniter->handleRequest(null, Object(Config\Cache), false)
 5 SYSTEMPATH/Boot.php(417): CodeIgniter\CodeIgniter->run()
 6 SYSTEMPATH/Boot.php(68): CodeIgniter\Boot::runCodeIgniter(Object(CodeIgniter\CodeIgniter))
 7 FCPATH/index.php(63): CodeIgniter\Boot::bootWeb(Object(Config\Paths))
 8 SYSTEMPATH/rewrite.php(44): require_once('/var/www/html/newpeak/public/index.php')
WARNING - 2026-09-03 06:20:08 --> [DEPRECATED] Creation of dynamic property App\Controllers\Programs::$Model_common is deprecated in APPPATH/Controllers/Programs.php on line 14.
 1 SYSTEMPATH/CodeIgniter.php(945): App\Controllers\Programs->initController(Object(App\Libraries\CI3IncomingRequest), Object(CodeIgniter\HTTP\Response), Object(CodeIgniter\Log\Logger))
 2 SYSTEMPATH/CodeIgniter.php(511): CodeIgniter\CodeIgniter->createController()
 3 SYSTEMPATH/CodeIgniter.php(363): CodeIgniter\CodeIgniter->handleRequest(null, Object(Config\Cache), false)
 4 SYSTEMPATH/Boot.php(417): CodeIgniter\CodeIgniter->run()
 5 SYSTEMPATH/Boot.php(68): CodeIgniter\Boot::runCodeIgniter(Object(CodeIgniter\CodeIgniter))
 6 FCPATH/index.php(63): CodeIgniter\Boot::bootWeb(Object(Config\Paths))
 7 SYSTEMPATH/rewrite.php(44): require_once('/var/www/html/newpeak/public/index.php')
